// Vitest Snapshot v1, https://vitest.dev/guide/snapshot.html

exports[`should parse sdf files without EOL in the EOF 1`] = `
[
  [
    0,
    1473,
  ],
]
`;
